2026-09-07 04:57:29.644 UTC [1] LOG:  starting PostgreSQL 15.15 on x86_64-pc-linux-musl, compiled by gcc (Alpine 14.2.0) 14.2.0, 64-bit
2026-09-07 04:57:29.647 UTC [1] LOG:  listening on IPv4 address "0.0.0.0", port 5432
2026-09-07 04:57:29.647 UTC [1] LOG:  listening on IPv6 address "::", port 5432
2026-09-07 04:57:29.667 UTC [1] LOG:  listening on Unix socket "/var/run/postgresql/.s.PGSQL.5432"
2026-09-07 04:57:29.687 UTC [30] LOG:  database system was interrupted; last known up at 2026-09-06 21:26:22 UTC
2026-09-07 04:57:31.903 UTC [30] LOG:  database system was not properly shut down; automatic recovery in progress
2026-09-07 04:57:31.910 UTC [30] LOG:  redo starts at 0/1AB1678
2026-09-07 04:57:31.910 UTC [30] LOG:  invalid record length at 0/1AB1760: wanted 24, got 0
2026-09-07 04:57:31.910 UTC [30] LOG:  redo done at 0/1AB1728 system usage: CPU: user: 0.00 s, system: 0.00 s, elapsed: 0.00 s
2026-09-07 04:57:31.923 UTC [28] LOG:  checkpoint starting: end-of-recovery immediate wait
2026-09-07 04:57:31.947 UTC [28] LOG:  checkpoint complete: wrote 2 buffers (0.0%); 0 WAL file(s) added, 0 removed, 0 recycled; write=0.007 s, sync=0.004 s, total=0.028 s; sync files=2, longest=0.002 s, average=0.002 s; distance=0 kB, estimate=0 kB
2026-09-07 04:57:31.966 UTC [1] LOG:  database system is ready to accept connections
2026-09-07 07:43:08.489 UTC [1] LOG:  starting PostgreSQL 15.15 on x86_64-pc-linux-musl, compiled by gcc (Alpine 14.2.0) 14.2.0, 64-bit
2026-09-07 07:43:08.491 UTC [1] LOG:  listening on IPv4 address "0.0.0.0", port 5432
2026-09-07 07:43:08.491 UTC [1] LOG:  listening on IPv6 address "::", port 5432
2026-09-07 07:43:08.501 UTC [1] LOG:  listening on Unix socket "/var/run/postgresql/.s.PGSQL.5432"
2026-09-07 07:43:08.517 UTC [30] LOG:  database system was interrupted; last known up at 2026-09-07 04:57:31 UTC
2026-09-07 07:43:09.424 UTC [30] LOG:  database system was not properly shut down; automatic recovery in progress
2026-09-07 07:43:09.431 UTC [30] LOG:  redo starts at 0/1AB17D8
2026-09-07 07:43:09.431 UTC [30] LOG:  invalid record length at 0/1AB1810: wanted 24, got 0
2026-09-07 07:43:09.431 UTC [30] LOG:  redo done at 0/1AB17D8 system usage: CPU: user: 0.00 s, system: 0.00 s, elapsed: 0.00 s
2026-09-07 07:43:09.442 UTC [28] LOG:  checkpoint starting: end-of-recovery immediate wait
2026-09-07 07:43:09.461 UTC [28] LOG:  checkpoint complete: wrote 2 buffers (0.0%); 0 WAL file(s) added, 0 removed, 0 recycled; write=0.006 s, sync=0.003 s, total=0.022 s; sync files=2, longest=0.002 s, average=0.002 s; distance=0 kB, estimate=0 kB
2026-09-07 07:43:09.477 UTC [1] LOG:  database system is ready to accept connections
2026-09-07 07:48:25.709 UTC [28] LOG:  checkpoint starting: time
2026-09-07 07:48:29.064 UTC [28] LOG:  checkpoint complete: wrote 34 buffers (0.2%); 0 WAL file(s) added, 0 removed, 0 recycled; write=3.314 s, sync=0.024 s, total=3.355 s; sync files=31, longest=0.005 s, average=0.001 s; distance=22 kB, estimate=22 kB
2026-09-07 08:57:22.218 UTC [28] LOG:  checkpoint starting: time
2026-09-07 08:57:26.719 UTC [28] LOG:  checkpoint complete: wrote 45 buffers (0.3%); 0 WAL file(s) added, 0 removed, 0 recycled; write=4.450 s, sync=0.027 s, total=4.503 s; sync files=40, longest=0.005 s, average=0.001 s; distance=199 kB, estimate=199 kB
2026-09-07 19:10:00.560 UTC [1] LOG:  starting PostgreSQL 15.15 on x86_64-pc-linux-musl, compiled by gcc (Alpine 14.2.0) 14.2.0, 64-bit
2026-09-07 19:10:00.560 UTC [1] LOG:  listening on IPv4 address "0.0.0.0", port 5432
2026-09-07 19:10:00.560 UTC [1] LOG:  listening on IPv6 address "::", port 5432
2026-09-07 19:10:00.569 UTC [1] LOG:  listening on Unix socket "/var/run/postgresql/.s.PGSQL.5432"
2026-09-07 19:10:00.582 UTC [31] LOG:  database system was interrupted; last known up at 2026-09-07 08:57:26 UTC
2026-09-07 19:10:01.438 UTC [31] LOG:  database system was not properly shut down; automatic recovery in progress
2026-09-07 19:10:01.446 UTC [31] LOG:  redo starts at 0/1AE8C98
2026-09-07 19:10:01.446 UTC [31] LOG:  invalid record length at 0/1AE8D80: wanted 24, got 0
2026-09-07 19:10:01.446 UTC [31] LOG:  redo done at 0/1AE8D48 system usage: CPU: user: 0.00 s, system: 0.00 s, elapsed: 0.00 s
2026-09-07 19:10:01.459 UTC [29] LOG:  checkpoint starting: end-of-recovery immediate wait
2026-09-07 19:10:01.480 UTC [29] LOG:  checkpoint complete: wrote 2 buffers (0.0%); 0 WAL file(s) added, 0 removed, 0 recycled; write=0.007 s, sync=0.003 s, total=0.026 s; sync files=2, longest=0.002 s, average=0.002 s; distance=0 kB, estimate=0 kB
2026-09-07 19:10:01.497 UTC [1] LOG:  database system is ready to accept connections
2026-09-07 19:25:49.301 UTC [29] LOG:  checkpoint starting: time
2026-09-07 19:25:51.539 UTC [29] LOG:  checkpoint complete: wrote 22 buffers (0.1%); 0 WAL file(s) added, 0 removed, 0 recycled; write=2.113 s, sync=0.063 s, total=2.239 s; sync files=21, longest=0.046 s, average=0.003 s; distance=87 kB, estimate=87 kB
2026-09-07 19:31:06.943 UTC [29] LOG:  checkpoint starting: time
2026-09-07 19:31:07.391 UTC [29] LOG:  checkpoint complete: wrote 4 buffers (0.0%); 0 WAL file(s) added, 0 removed, 0 recycled; write=0.402 s, sync=0.021 s, total=0.449 s; sync files=3, longest=0.020 s, average=0.007 s; distance=7 kB, estimate=79 kB
2026-09-07 19:36:25.583 UTC [29] LOG:  checkpoint starting: time
2026-09-07 19:36:26.731 UTC [29] LOG:  checkpoint complete: wrote 12 buffers (0.1%); 0 WAL file(s) added, 0 removed, 0 recycled; write=1.109 s, sync=0.024 s, total=1.149 s; sync files=12, longest=0.016 s, average=0.002 s; distance=11 kB, estimate=72 kB
2026-09-07 19:47:06.635 UTC [29] LOG:  checkpoint starting: time
2026-09-07 19:47:07.512 UTC [29] LOG:  checkpoint complete: wrote 9 buffers (0.1%); 0 WAL file(s) added, 0 removed, 0 recycled; write=0.812 s, sync=0.010 s, total=0.878 s; sync files=9, longest=0.005 s, average=0.002 s; distance=10 kB, estimate=66 kB
2026-09-07 19:57:50.045 UTC [29] LOG:  checkpoint starting: time
2026-09-07 19:57:50.562 UTC [29] LOG:  checkpoint complete: wrote 5 buffers (0.0%); 0 WAL file(s) added, 0 removed, 0 recycled; write=0.406 s, sync=0.049 s, total=0.517 s; sync files=5, longest=0.045 s, average=0.010 s; distance=10 kB, estimate=60 kB
2026-09-07 20:03:12.713 UTC [29] LOG:  checkpoint starting: time
2026-09-07 20:03:13.433 UTC [29] LOG:  checkpoint complete: wrote 7 buffers (0.0%); 0 WAL file(s) added, 0 removed, 0 recycled; write=0.607 s, sync=0.050 s, total=0.721 s; sync files=6, longest=0.046 s, average=0.009 s; distance=9 kB, estimate=55 kB
