2026-09-11 14:19:17.100 UTC [1] LOG:  received fast shutdown request
2026-09-11 14:19:17.119 UTC [1] LOG:  aborting any active transactions
2026-09-11 14:19:17.123 UTC [956] FATAL:  terminating connection due to administrator command
2026-09-11 14:19:17.123 UTC [955] FATAL:  terminating connection due to administrator command
2026-09-11 14:19:17.128 UTC [962] FATAL:  terminating connection due to administrator command
2026-09-11 14:19:17.129 UTC [957] FATAL:  terminating connection due to administrator command
2026-09-11 14:19:17.130 UTC [959] FATAL:  terminating connection due to administrator command
2026-09-11 14:19:17.133 UTC [958] FATAL:  terminating connection due to administrator command
2026-09-11 14:19:17.133 UTC [960] FATAL:  terminating connection due to administrator command
2026-09-11 14:19:17.137 UTC [961] FATAL:  terminating connection due to administrator command
2026-09-11 14:19:17.137 UTC [94] FATAL:  terminating connection due to administrator command
2026-09-11 14:19:17.137 UTC [953] FATAL:  terminating connection due to administrator command
2026-09-11 14:19:17.142 UTC [954] FATAL:  terminating connection due to administrator command
2026-09-11 14:19:17.171 UTC [1] LOG:  background worker "logical replication launcher" (PID 39) exited with exit code 1
2026-09-11 14:19:17.188 UTC [28] LOG:  shutting down
2026-09-11 14:19:17.196 UTC [28] LOG:  checkpoint starting: shutdown immediate
2026-09-11 14:19:17.295 UTC [28] LOG:  checkpoint complete: wrote 0 buffers (0.0%); 0 WAL file(s) added, 0 removed, 0 recycled; write=0.052 s, sync=0.001 s, total=0.106 s; sync files=0, longest=0.000 s, average=0.000 s; distance=0 kB, estimate=53 kB
2026-09-11 14:19:17.337 UTC [1] LOG:  database system is shut down
2026-09-11 14:19:23.500 UTC [1] LOG:  starting PostgreSQL 15.15 on x86_64-pc-linux-musl, compiled by gcc (Alpine 14.2.0) 14.2.0, 64-bit
2026-09-11 14:19:23.502 UTC [1] LOG:  listening on IPv4 address "0.0.0.0", port 5432
2026-09-11 14:19:23.502 UTC [1] LOG:  listening on IPv6 address "::", port 5432
2026-09-11 14:19:23.510 UTC [1] LOG:  listening on Unix socket "/var/run/postgresql/.s.PGSQL.5432"
2026-09-11 14:19:23.528 UTC [30] LOG:  database system was shut down at 2026-09-11 14:19:17 UTC
2026-09-11 14:19:23.565 UTC [1] LOG:  database system is ready to accept connections
2026-09-11 14:24:38.430 UTC [28] LOG:  checkpoint starting: time
2026-09-11 14:24:38.500 UTC [28] LOG:  checkpoint complete: wrote 2 buffers (0.0%); 0 WAL file(s) added, 0 removed, 0 recycled; write=0.007 s, sync=0.002 s, total=0.071 s; sync files=2, longest=0.002 s, average=0.001 s; distance=0 kB, estimate=0 kB
