2026-09-04 07:45:36.419 UTC [1] LOG:  starting PostgreSQL 15.15 on x86_64-pc-linux-musl, compiled by gcc (Alpine 14.2.0) 14.2.0, 64-bit
2026-09-04 07:45:36.419 UTC [1] LOG:  listening on IPv4 address "0.0.0.0", port 5432
2026-09-04 07:45:36.419 UTC [1] LOG:  listening on IPv6 address "::", port 5432
2026-09-04 07:45:36.427 UTC [1] LOG:  listening on Unix socket "/var/run/postgresql/.s.PGSQL.5432"
2026-09-04 07:45:36.444 UTC [30] LOG:  database system was interrupted; last known up at 2026-09-03 21:25:40 UTC
2026-09-04 07:45:37.326 UTC [30] LOG:  database system was not properly shut down; automatic recovery in progress
2026-09-04 07:45:37.333 UTC [30] LOG:  redo starts at 0/1A60B50
2026-09-04 07:45:37.333 UTC [30] LOG:  invalid record length at 0/1A60C38: wanted 24, got 0
2026-09-04 07:45:37.333 UTC [30] LOG:  redo done at 0/1A60C00 system usage: CPU: user: 0.00 s, system: 0.00 s, elapsed: 0.00 s
2026-09-04 07:45:37.341 UTC [28] LOG:  checkpoint starting: end-of-recovery immediate wait
2026-09-04 07:45:37.360 UTC [28] LOG:  checkpoint complete: wrote 3 buffers (0.0%); 0 WAL file(s) added, 0 removed, 0 recycled; write=0.006 s, sync=0.003 s, total=0.022 s; sync files=2, longest=0.002 s, average=0.002 s; distance=0 kB, estimate=0 kB
2026-09-04 07:45:37.373 UTC [1] LOG:  database system is ready to accept connections
2026-09-04 07:50:58.061 UTC [28] LOG:  checkpoint starting: time
2026-09-04 07:50:58.393 UTC [28] LOG:  checkpoint complete: wrote 4 buffers (0.0%); 0 WAL file(s) added, 0 removed, 0 recycled; write=0.305 s, sync=0.011 s, total=0.333 s; sync files=4, longest=0.009 s, average=0.003 s; distance=2 kB, estimate=2 kB
2026-09-04 07:56:18.200 UTC [28] LOG:  checkpoint starting: time
2026-09-04 07:56:18.557 UTC [28] LOG:  checkpoint complete: wrote 4 buffers (0.0%); 0 WAL file(s) added, 0 removed, 0 recycled; write=0.321 s, sync=0.008 s, total=0.357 s; sync files=4, longest=0.005 s, average=0.002 s; distance=2 kB, estimate=2 kB
2026-09-04 08:07:00.375 UTC [28] LOG:  checkpoint starting: time
2026-09-04 08:07:00.723 UTC [28] LOG:  checkpoint complete: wrote 4 buffers (0.0%); 0 WAL file(s) added, 0 removed, 0 recycled; write=0.308 s, sync=0.017 s, total=0.349 s; sync files=4, longest=0.011 s, average=0.005 s; distance=2 kB, estimate=2 kB
2026-09-04 09:00:55.134 UTC [28] LOG:  checkpoint starting: time
2026-09-04 09:00:55.703 UTC [28] LOG:  checkpoint complete: wrote 6 buffers (0.0%); 0 WAL file(s) added, 0 removed, 0 recycled; write=0.538 s, sync=0.009 s, total=0.570 s; sync files=6, longest=0.005 s, average=0.002 s; distance=2 kB, estimate=2 kB
