2026-08-31 08:23:10.531 UTC [1] LOG:  starting PostgreSQL 15.15 on x86_64-pc-linux-musl, compiled by gcc (Alpine 14.2.0) 14.2.0, 64-bit
2026-08-31 08:23:10.531 UTC [1] LOG:  listening on IPv4 address "0.0.0.0", port 5432
2026-08-31 08:23:10.531 UTC [1] LOG:  listening on IPv6 address "::", port 5432
2026-08-31 08:23:10.541 UTC [1] LOG:  listening on Unix socket "/var/run/postgresql/.s.PGSQL.5432"
2026-08-31 08:23:10.554 UTC [31] LOG:  database system was interrupted; last known up at 2026-08-30 10:30:39 UTC
2026-08-31 08:23:11.419 UTC [31] LOG:  database system was not properly shut down; automatic recovery in progress
2026-08-31 08:23:11.428 UTC [31] LOG:  redo starts at 0/19F6DE0
2026-08-31 08:23:11.428 UTC [31] LOG:  invalid record length at 0/19F6E18: wanted 24, got 0
2026-08-31 08:23:11.428 UTC [31] LOG:  redo done at 0/19F6DE0 system usage: CPU: user: 0.00 s, system: 0.00 s, elapsed: 0.00 s
2026-08-31 08:23:11.438 UTC [29] LOG:  checkpoint starting: end-of-recovery immediate wait
2026-08-31 08:23:11.462 UTC [29] LOG:  checkpoint complete: wrote 3 buffers (0.0%); 0 WAL file(s) added, 0 removed, 0 recycled; write=0.007 s, sync=0.004 s, total=0.029 s; sync files=2, longest=0.002 s, average=0.002 s; distance=0 kB, estimate=0 kB
2026-08-31 08:23:11.479 UTC [1] LOG:  database system is ready to accept connections
2026-08-31 08:28:27.130 UTC [29] LOG:  checkpoint starting: time
2026-08-31 08:28:34.230 UTC [29] LOG:  checkpoint complete: wrote 44 buffers (0.3%); 0 WAL file(s) added, 0 removed, 0 recycled; write=7.010 s, sync=0.070 s, total=7.101 s; sync files=42, longest=0.044 s, average=0.002 s; distance=205 kB, estimate=205 kB
2026-08-31 13:24:52.652 UTC [1] LOG:  received fast shutdown request
2026-08-31 13:24:52.657 UTC [1] LOG:  aborting any active transactions
2026-08-31 13:24:52.660 UTC [424] FATAL:  terminating connection due to administrator command
2026-08-31 13:24:52.660 UTC [421] FATAL:  terminating connection due to administrator command
2026-08-31 13:24:52.660 UTC [423] FATAL:  terminating connection due to administrator command
2026-08-31 13:24:52.660 UTC [425] FATAL:  terminating connection due to administrator command
2026-08-31 13:24:52.660 UTC [428] FATAL:  terminating connection due to administrator command
2026-08-31 13:24:52.661 UTC [419] FATAL:  terminating connection due to administrator command
2026-08-31 13:24:52.661 UTC [416] FATAL:  terminating connection due to administrator command
2026-08-31 13:24:52.666 UTC [418] FATAL:  terminating connection due to administrator command
2026-08-31 13:24:52.666 UTC [426] FATAL:  terminating connection due to administrator command
2026-08-31 13:24:52.666 UTC [422] FATAL:  terminating connection due to administrator command
2026-08-31 13:24:52.668 UTC [53] FATAL:  terminating connection due to administrator command
2026-08-31 13:24:52.675 UTC [1] LOG:  background worker "logical replication launcher" (PID 34) exited with exit code 1
2026-08-31 13:24:52.680 UTC [29] LOG:  shutting down
2026-08-31 13:24:52.686 UTC [29] LOG:  checkpoint starting: shutdown immediate
2026-08-31 13:24:52.724 UTC [29] LOG:  checkpoint complete: wrote 0 buffers (0.0%); 0 WAL file(s) added, 0 removed, 0 recycled; write=0.019 s, sync=0.001 s, total=0.043 s; sync files=0, longest=0.000 s, average=0.000 s; distance=0 kB, estimate=185 kB
2026-08-31 13:24:52.744 UTC [1] LOG:  database system is shut down
